[    1534ms] [WARNING] [intlify] Not found 'Podcasts' key in 'en' locale messages. @ https://data.europa.eu/data/app.84a4b32c.js:21
[    1660ms] [LOG] JSHandle@node @ https://data.europa.eu/data/app.84a4b32c.js:908
[    1665ms] [LOG] JSHandle@node @ https://data.europa.eu/data/app.84a4b32c.js:908
[    1667ms] [LOG] JSHandle@node @ https://data.europa.eu/data/app.84a4b32c.js:908
[    1668ms] [LOG] JSHandle@node @ https://data.europa.eu/data/app.84a4b32c.js:908
[    1669ms] [LOG] JSHandle@node @ https://data.europa.eu/data/app.84a4b32c.js:908
[    1724ms] [LOG] [DEBUG SeamlessLogin] Checking cookie: eulogin_active_session @ https://data.europa.eu/data/app.84a4b32c.js:1389
[    1724ms] [LOG] [DEBUG SeamlessLogin] All cookies:  @ https://data.europa.eu/data/app.84a4b32c.js:1389
[    1724ms] [LOG] [DEBUG SeamlessLogin] Cookie found: false @ https://data.europa.eu/data/app.84a4b32c.js:1389
[    2121ms] [LOG] beforeRouteEnter {fullPath: /datasets/ocm_2_metadata~~1?locale=es, path: /datasets/ocm_2_metadata~~1, query: Object, hash: , name: DatasetDetailsDataset} {path: /, name: undefined, params: Object, query: Object, hash: } @ https://data.europa.eu/data/assets/DatasetDetails-e7adb5c1.js:87
[    2160ms] [WARNING] [intlify] Not found 'Podcasts' key in 'en' locale messages. @ https://data.europa.eu/data/app.84a4b32c.js:21
[    2190ms] [WARNING] [intlify] Not found 'message.header.headerInformationBar.officialWebsite' key in 'es' locale messages. @ https://data.europa.eu/data/app.84a4b32c.js:21
[    2192ms] [WARNING] [intlify] Not found 'message.header.headerInformationBar.howDoYouKnow.title' key in 'es' locale messages. @ https://data.europa.eu/data/app.84a4b32c.js:21
[    2192ms] [WARNING] [intlify] Not found 'message.header.headerInformationBar.howDoYouKnow.content' key in 'es' locale messages. @ https://data.europa.eu/data/app.84a4b32c.js:21
[    2193ms] [WARNING] [intlify] Not found 'message.header.headerInformationBar.howDoYouKnow.contentLink' key in 'es' locale messages. @ https://data.europa.eu/data/app.84a4b32c.js:21
[    2194ms] [WARNING] [intlify] Not found 'message.header.navigation.mobile.menu' key in 'es' locale messages. @ https://data.europa.eu/data/app.84a4b32c.js:21
[    2195ms] [WARNING] [intlify] Not found 'message.header.navigation.mobile.back' key in 'es' locale messages. @ https://data.europa.eu/data/app.84a4b32c.js:21
[    2196ms] [WARNING] [intlify] Not found 'message.header.languageSelection.close' key in 'es' locale messages. @ https://data.europa.eu/data/app.84a4b32c.js:21
[    2201ms] [WARNING] [intlify] Not found 'Podcasts' key in 'es' locale messages. @ https://data.europa.eu/data/app.84a4b32c.js:21
[    2201ms] [WARNING] [intlify] Not found 'Podcasts' key in 'en' locale messages. @ https://data.europa.eu/data/app.84a4b32c.js:21
[    2216ms] [WARNING] [intlify] Not found 'message.header.languageSelection.selectLanguage' key in 'es' locale messages. @ https://data.europa.eu/data/app.84a4b32c.js:21
[    2217ms] [WARNING] [intlify] Not found 'message.header.languageSelection.officialLanguages' key in 'es' locale messages. @ https://data.europa.eu/data/app.84a4b32c.js:21
[    2508ms] [WARNING] [intlify] Not found 'message.datasetDetails.datasets.modal.embed' key in 'es' locale messages. @ https://data.europa.eu/data/app.84a4b32c.js:21
[    2518ms] [WARNING] [intlify] Not found 'message.datasetDetails.datasets.modal.downloadPopup' key in 'es' locale messages. @ https://data.europa.eu/data/app.84a4b32c.js:21
[    2593ms] [WARNING] [intlify] Not found 'message.dataupload.menu.actions' key in 'es' locale messages. @ https://data.europa.eu/data/app.84a4b32c.js:21
[    2593ms] [WARNING] [intlify] Not found 'message.datasetDetails.likes' key in 'es' locale messages. @ https://data.europa.eu/data/app.84a4b32c.js:21
[    2594ms] [WARNING] [intlify] Not found 'message.datasetDetails.likes' key in 'es' locale messages. @ https://data.europa.eu/data/app.84a4b32c.js:21
[    2603ms] [WARNING] [intlify] Not found 'message.datasetDetails.datasets.modal.downloadAs' key in 'es' locale messages. @ https://data.europa.eu/data/app.84a4b32c.js:21
[    2603ms] [WARNING] [intlify] Not found 'message.datasetDetails.datasets.modal.selectFileFormat' key in 'es' locale messages. @ https://data.europa.eu/data/app.84a4b32c.js:21
[    2613ms] [WARNING] [intlify] Not found 'message.datasetDetails.subnav.history' key in 'es' locale messages. @ https://data.europa.eu/data/app.84a4b32c.js:21
[    2692ms] [LOG] getDistributions (raw from store): [
  {
    "accessUrl": [
      "https://www.mapsforeurope.org/access-data"
    ],
    "accessService": [],
    "checksum": {},
    "compressFormat": {},
    "conformsTo": [],
    "downloadUrls": [],
    "format": {
      "label": "UNKNOWN"
    },
    "id": "2a22886d-62ae-40e7-9a42-0a7435d96939",
    "languages": [],
    "licence": {
      "id": "https://publications.europa.eu/resource/authority/licence/EUROGEO_2024",
      "label": "https://publications.europa.eu/resource/authority/licence/EUROGEO_2024",
      "resource": "https://publications.europa.eu/resource/authority/licence/EUROGEO_2024"
    },
    "packageFormat": {},
    "pages": [],
    "releaseDate": "2024-09-03",
    "rights": {},
    "status": {},
    "temporalResolution": [],
    "title": {
      "en": "Open Cadastral Map"
    },
    "type": {},
    "applicableLegislation": [],
    "representationTechnique": []
  }
] @ https://data.europa.eu/data/app.84a4b32c.js:1440
[    2699ms] [WARNING] [intlify] Not found 'message.datasetDetails.subnav.history' key in 'es' locale messages. @ https://data.europa.eu/data/app.84a4b32c.js:21
[    2720ms] [WARNING] [intlify] Not found 'message.datasetDetails.datasets.modal.embed' key in 'es' locale messages. @ https://data.europa.eu/data/app.84a4b32c.js:21
[    2726ms] [WARNING] [intlify] Not found 'message.datasetDetails.subnav.history' key in 'es' locale messages. @ https://data.europa.eu/data/app.84a4b32c.js:21
[    2731ms] [WARNING] [intlify] Not found 'message.tooltip.datasetDetails.cite' key in 'es' locale messages. @ https://data.europa.eu/data/app.84a4b32c.js:21
[    2734ms] [WARNING] [intlify] Not found 'message.tooltip.datasetDetails.datasetFeed' key in 'es' locale messages. @ https://data.europa.eu/data/app.84a4b32c.js:21
[    2857ms] [WARNING] [intlify] Not found 'message.datasetDetails.datasets.modal.embedText' key in 'es' locale messages. @ https://data.europa.eu/data/app.84a4b32c.js:21
[    2858ms] [WARNING] [intlify] Not found 'message.datasetDetails.datasets.modal.width' key in 'es' locale messages. @ https://data.europa.eu/data/app.84a4b32c.js:21
[    2858ms] [WARNING] [intlify] Not found 'message.datasetDetails.datasets.modal.height' key in 'es' locale messages. @ https://data.europa.eu/data/app.84a4b32c.js:21
[    2859ms] [WARNING] [intlify] Not found 'message.datasetDetails.datasets.modal.code' key in 'es' locale messages. @ https://data.europa.eu/data/app.84a4b32c.js:21
[    2859ms] [WARNING] [intlify] Not found 'message.datasetDetails.datasets.modal.copy' key in 'es' locale messages. @ https://data.europa.eu/data/app.84a4b32c.js:21
[    2862ms] [WARNING] [intlify] Not found 'message.datasetDetails.datasets.modal.copied' key in 'es' locale messages. @ https://data.europa.eu/data/app.84a4b32c.js:21
[    2869ms] [ERROR] Failed to load resource: the server responded with a status of 400 () @ https://data.europa.eu/api/hub/ratings/endorsements/count/dataset/ocm_2_metadata~~1:0
[    2906ms] [ERROR] Failed to load resource: the server responded with a status of 400 () @ https://data.europa.eu/api/hub/ratings/endorsements/count/dataset/ocm_2_metadata~~1:0
[    3054ms] [WARNING] [intlify] Not found 'message.datasetDetails.datasets.modal.embed' key in 'es' locale messages. @ https://data.europa.eu/data/app.84a4b32c.js:21
[    3055ms] [WARNING] [intlify] Not found 'message.tooltip.datasetDetails.cite' key in 'es' locale messages. @ https://data.europa.eu/data/app.84a4b32c.js:21
[    3066ms] [WARNING] [intlify] Not found 'message.datasetDetails.datasets.modal.embed' key in 'es' locale messages. @ https://data.europa.eu/data/app.84a4b32c.js:21
[    3066ms] [WARNING] [intlify] Not found 'message.tooltip.datasetDetails.cite' key in 'es' locale messages. @ https://data.europa.eu/data/app.84a4b32c.js:21
[    3367ms] [ERROR] Failed to load resource: the server responded with a status of 404 () @ https://data.europa.eu/api/hub/search/datasets/0d299330-8792-495a-9eb7-6bf79514954c-1:0
[    3368ms] [ERROR] Error: Request failed with status code 404
    at createError (https://data.europa.eu/data/app.84a4b32c.js:67:45569)
    at settle (https://data.europa.eu/data/app.84a4b32c.js:67:45865)
    at XMLHttpRequest.xi (https://data.europa.eu/data/app.84a4b32c.js:68:2106) @ https://data.europa.eu/data/app.84a4b32c.js:71
[    3368ms] [WARNING] [intlify] Not found 'message.datasetDetails.datasets.modal.embed' key in 'es' locale messages. @ https://data.europa.eu/data/app.84a4b32c.js:21
[    3369ms] [WARNING] [intlify] Not found 'message.tooltip.datasetDetails.cite' key in 'es' locale messages. @ https://data.europa.eu/data/app.84a4b32c.js:21
[   17111ms] [LOG] false @ https://data.europa.eu/data/app.84a4b32c.js:1354
[   17114ms] [WARNING] [intlify] Not found 'message.datasetFacets.facets.geospatial' key in 'es' locale messages. @ https://data.europa.eu/data/app.84a4b32c.js:21
[   17115ms] [WARNING] [intlify] Not found 'message.helpIcon.geospatial' key in 'es' locale messages. @ https://data.europa.eu/data/app.84a4b32c.js:21
[   17127ms] [WARNING] [intlify] Not found 'message.search.scopeTabTitle.combined' key in 'es' locale messages. @ https://data.europa.eu/data/app.84a4b32c.js:21
[   17141ms] [WARNING] [intlify] Not found 'message.pagination.itemsPerPage' key in 'es' locale messages. @ https://data.europa.eu/data/app.84a4b32c.js:21
[   17141ms] [WARNING] [intlify] Not found 'message.pagination.itemsPerPage' key in 'es' locale messages. @ https://data.europa.eu/data/app.84a4b32c.js:21
[   17146ms] [WARNING] [intlify] Not found 'message.header.languageSelection.selectLanguage' key in 'es' locale messages. @ https://data.europa.eu/data/app.84a4b32c.js:21
[   17146ms] [WARNING] [intlify] Not found 'message.header.languageSelection.officialLanguages' key in 'es' locale messages. @ https://data.europa.eu/data/app.84a4b32c.js:21
[   17151ms] [WARNING] [intlify] Not found 'Podcasts' key in 'es' locale messages. @ https://data.europa.eu/data/app.84a4b32c.js:21
[   17151ms] [WARNING] [intlify] Not found 'Podcasts' key in 'en' locale messages. @ https://data.europa.eu/data/app.84a4b32c.js:21
[   17152ms] [WARNING] [intlify] Not found 'message.header.navigation.mobile.menu' key in 'es' locale messages. @ https://data.europa.eu/data/app.84a4b32c.js:21
[   17153ms] [WARNING] [intlify] Not found 'message.header.navigation.mobile.back' key in 'es' locale messages. @ https://data.europa.eu/data/app.84a4b32c.js:21
[   17153ms] [WARNING] [intlify] Not found 'message.header.languageSelection.close' key in 'es' locale messages. @ https://data.europa.eu/data/app.84a4b32c.js:21
[   17165ms] [WARNING] [intlify] Not found 'message.search.scopeTabTitle.combined' key in 'es' locale messages. @ https://data.europa.eu/data/app.84a4b32c.js:21
[   17184ms] [WARNING] [intlify] Not found 'message.header.navigation.mobile.menu' key in 'es' locale messages. @ https://data.europa.eu/data/app.84a4b32c.js:21
[   17184ms] [WARNING] [intlify] Not found 'message.header.navigation.mobile.back' key in 'es' locale messages. @ https://data.europa.eu/data/app.84a4b32c.js:21
[   17184ms] [WARNING] [intlify] Not found 'message.header.languageSelection.close' key in 'es' locale messages. @ https://data.europa.eu/data/app.84a4b32c.js:21
[   17464ms] [WARNING] [intlify] Not found 'message.search.scopeTabTitle.combined' key in 'es' locale messages. @ https://data.europa.eu/data/app.84a4b32c.js:21
[   17553ms] [WARNING] [intlify] Not found 'message.header.navigation.mobile.menu' key in 'es' locale messages. @ https://data.europa.eu/data/app.84a4b32c.js:21
[   17554ms] [WARNING] [intlify] Not found 'message.header.navigation.mobile.back' key in 'es' locale messages. @ https://data.europa.eu/data/app.84a4b32c.js:21
[   17554ms] [WARNING] [intlify] Not found 'message.header.languageSelection.close' key in 'es' locale messages. @ https://data.europa.eu/data/app.84a4b32c.js:21
[   17558ms] [WARNING] [intlify] Not found 'message.header.navigation.mobile.menu' key in 'es' locale messages. @ https://data.europa.eu/data/app.84a4b32c.js:21
[   17558ms] [WARNING] [intlify] Not found 'message.header.navigation.mobile.back' key in 'es' locale messages. @ https://data.europa.eu/data/app.84a4b32c.js:21
[   17559ms] [WARNING] [intlify] Not found 'message.header.languageSelection.close' key in 'es' locale messages. @ https://data.europa.eu/data/app.84a4b32c.js:21
[   17584ms] [WARNING] [intlify] Not found 'message.header.navigation.mobile.menu' key in 'es' locale messages. @ https://data.europa.eu/data/app.84a4b32c.js:21
[   17584ms] [WARNING] [intlify] Not found 'message.header.navigation.mobile.back' key in 'es' locale messages. @ https://data.europa.eu/data/app.84a4b32c.js:21
[   17584ms] [WARNING] [intlify] Not found 'message.header.languageSelection.close' key in 'es' locale messages. @ https://data.europa.eu/data/app.84a4b32c.js:21
[   17588ms] [WARNING] [intlify] Not found 'message.header.navigation.mobile.menu' key in 'es' locale messages. @ https://data.europa.eu/data/app.84a4b32c.js:21
[   17588ms] [WARNING] [intlify] Not found 'message.header.navigation.mobile.back' key in 'es' locale messages. @ https://data.europa.eu/data/app.84a4b32c.js:21
[   17588ms] [WARNING] [intlify] Not found 'message.header.languageSelection.close' key in 'es' locale messages. @ https://data.europa.eu/data/app.84a4b32c.js:21
[   17618ms] [WARNING] [intlify] Not found 'message.header.navigation.mobile.menu' key in 'es' locale messages. @ https://data.europa.eu/data/app.84a4b32c.js:21
[   17618ms] [WARNING] [intlify] Not found 'message.header.navigation.mobile.back' key in 'es' locale messages. @ https://data.europa.eu/data/app.84a4b32c.js:21
[   17618ms] [WARNING] [intlify] Not found 'message.header.languageSelection.close' key in 'es' locale messages. @ https://data.europa.eu/data/app.84a4b32c.js:21
[   17622ms] [WARNING] [intlify] Not found 'message.header.navigation.mobile.menu' key in 'es' locale messages. @ https://data.europa.eu/data/app.84a4b32c.js:21
[   17622ms] [WARNING] [intlify] Not found 'message.header.navigation.mobile.back' key in 'es' locale messages. @ https://data.europa.eu/data/app.84a4b32c.js:21
[   17622ms] [WARNING] [intlify] Not found 'message.header.languageSelection.close' key in 'es' locale messages. @ https://data.europa.eu/data/app.84a4b32c.js:21
[   17632ms] [WARNING] [intlify] Not found 'message.pagination.itemsPerPage' key in 'es' locale messages. @ https://data.europa.eu/data/app.84a4b32c.js:21
[   17632ms] [WARNING] [intlify] Not found 'message.pagination.itemsPerPage' key in 'es' locale messages. @ https://data.europa.eu/data/app.84a4b32c.js:21
[   17639ms] [WARNING] [intlify] Not found 'message.datasetFacets.moreFilters' key in 'es' locale messages. @ https://data.europa.eu/data/app.84a4b32c.js:21
[   18217ms] [WARNING] [intlify] Not found 'message.header.navigation.mobile.menu' key in 'es' locale messages. @ https://data.europa.eu/data/app.84a4b32c.js:21
[   18217ms] [WARNING] [intlify] Not found 'message.header.navigation.mobile.back' key in 'es' locale messages. @ https://data.europa.eu/data/app.84a4b32c.js:21
[   18217ms] [WARNING] [intlify] Not found 'message.header.languageSelection.close' key in 'es' locale messages. @ https://data.europa.eu/data/app.84a4b32c.js:21
